> Task :app:preBuild UP-TO-DATE
> Task :app:preDebugBuild UP-TO-DATE
> Task :app:generateDebugBuildConfig UP-TO-DATE
> Task :app:generateDebugResources UP-TO-DATE
> Task :app:packageDebugResources UP-TO-DATE
> Task :app:processDebugNavigationResources UP-TO-DATE
> Task :app:parseDebugLocalResources UP-TO-DATE
> Task :app:generateDebugRFile UP-TO-DATE

> Task :app:compileDebugKotlin FAILED
.\gradlew.bat : e: file:///D:/tool/jadx-gui-1.5.5-with-jre-win/app/tbhook/app/s
rc/main/java/com/forbidad4tieba/hook/feature/ad/FeedAdHook.kt:3:21 Conflicting 
import: imported name 'View' is ambiguous.
所在位置 行:1 字符: 1
+ .\gradlew.bat compileDebugKotlin > compile.log 2>&1 ; Get-Content com ...
+ ~~~~~~~~~~~~~~~~~~~~~~~~~~~~~~~~~~~~~~~~~~~~~~~~~~~
    + CategoryInfo          : NotSpecified: (e: file:///D:/t...' is ambiguous. 
   :String) [], RemoteException
    + FullyQualifiedErrorId : NativeCommandError
 
e: file:///D:/tool/jadx-gui-1.5.5-with-jre-win/app/tbhook/app/src/main/java/com
/forbidad4tieba/hook/feature/ad/FeedAdHook.kt:4:39 Conflicting import: imported
 name 'ConfigManager' is ambiguous.
e: file:///D:/tool/jadx-gui-1.5.5-with-jre-win/app/tbhook/app/src/main/java/com
/forbidad4tieba/hook/feature/ad/FeedAdHook.kt:5:37 Conflicting import: imported
 name 'Constants' is ambiguous.
e: file:///D:/tool/jadx-gui-1.5.5-with-jre-win/app/tbhook/app/src/main/java/com
/forbidad4tieba/hook/feature/ad/FeedAdHook.kt:6:38 Conflicting import: imported
 name 'ViewExt' is ambiguous.
e: file:///D:/tool/jadx-gui-1.5.5-with-jre-win/app/tbhook/app/src/main/java/com
/forbidad4tieba/hook/feature/ad/FeedAdHook.kt:7:31 Conflicting import: imported
 name 'XC_MethodHook' is ambiguous.
e: file:///D:/tool/jadx-gui-1.5.5-with-jre-win/app/tbhook/app/src/main/java/com
/forbidad4tieba/hook/feature/ad/FeedAdHook.kt:8:31 Conflicting import: imported
 name 'XposedBridge' is ambiguous.
e: file:///D:/tool/jadx-gui-1.5.5-with-jre-win/app/tbhook/app/src/main/java/com
/forbidad4tieba/hook/feature/ad/FeedAdHook.kt:9:31 Conflicting import: imported
 name 'XposedHelpers' is ambiguous.
e: file:///D:/tool/jadx-gui-1.5.5-with-jre-win/app/tbhook/app/src/main/java/com
/forbidad4tieba/hook/feature/ad/FeedAdHook.kt:10:1 Syntax error: Expecting a to
p level declaration.
e: file:///D:/tool/jadx-gui-1.5.5-with-jre-win/app/tbhook/app/src/main/java/com
/forbidad4tieba/hook/feature/ad/FeedAdHook.kt:10:9 Syntax error: Expecting a to
p level declaration.
e: file:///D:/tool/jadx-gui-1.5.5-with-jre-win/app/tbhook/app/src/main/java/com
/forbidad4tieba/hook/feature/ad/FeedAdHook.kt:10:12 Syntax error: Expecting a t
op level declaration.
e: file:///D:/tool/jadx-gui-1.5.5-with-jre-win/app/tbhook/app/src/main/java/com
/forbidad4tieba/hook/feature/ad/FeedAdHook.kt:10:13 Syntax error: Expecting a t
op level declaration.
e: file:///D:/tool/jadx-gui-1.5.5-with-jre-win/app/tbhook/app/src/main/java/com
/forbidad4tieba/hook/feature/ad/FeedAdHook.kt:10:27 Syntax error: Expecting a t
op level declaration.
e: file:///D:/tool/jadx-gui-1.5.5-with-jre-win/app/tbhook/app/src/main/java/com
/forbidad4tieba/hook/feature/ad/FeedAdHook.kt:10:28 Syntax error: Expecting a t
op level declaration.
e: file:///D:/tool/jadx-gui-1.5.5-with-jre-win/app/tbhook/app/src/main/java/com
/forbidad4tieba/hook/feature/ad/FeedAdHook.kt:10:32 Syntax error: Expecting a t
op level declaration.
e: file:///D:/tool/jadx-gui-1.5.5-with-jre-win/app/tbhook/app/src/main/java/com
/forbidad4tieba/hook/feature/ad/FeedAdHook.kt:10:33 Syntax error: Expecting a t
op level declaration.
e: file:///D:/tool/jadx-gui-1.5.5-with-jre-win/app/tbhook/app/src/main/java/com
/forbidad4tieba/hook/feature/ad/FeedAdHook.kt:10:40 Syntax error: Expecting a t
op level declaration.
e: file:///D:/tool/jadx-gui-1.5.5-with-jre-win/app/tbhook/app/src/main/java/com
/forbidad4tieba/hook/feature/ad/FeedAdHook.kt:10:41 Syntax error: Expecting a t
op level declaration.
e: file:///D:/tool/jadx-gui-1.5.5-with-jre-win/app/tbhook/app/src/main/java/com
/forbidad4tieba/hook/feature/ad/FeedAdHook.kt:10:43 Syntax error: imports are o
nly allowed in the beginning of file.
e: file:///D:/tool/jadx-gui-1.5.5-with-jre-win/app/tbhook/app/src/main/java/com
/forbidad4tieba/hook/feature/ad/FeedAdHook.kt:12:21 Conflicting import: importe
d name 'View' is ambiguous.
e: file:///D:/tool/jadx-gui-1.5.5-with-jre-win/app/tbhook/app/src/main/java/com
/forbidad4tieba/hook/feature/ad/FeedAdHook.kt:13:39 Conflicting import: importe
d name 'ConfigManager' is ambiguous.
e: file:///D:/tool/jadx-gui-1.5.5-with-jre-win/app/tbhook/app/src/main/java/com
/forbidad4tieba/hook/feature/ad/FeedAdHook.kt:14:37 Conflicting import: importe
d name 'Constants' is ambiguous.
e: file:///D:/tool/jadx-gui-1.5.5-with-jre-win/app/tbhook/app/src/main/java/com
/forbidad4tieba/hook/feature/ad/FeedAdHook.kt:15:38 Conflicting import: importe
d name 'ViewExt' is ambiguous.
e: file:///D:/tool/jadx-gui-1.5.5-with-jre-win/app/tbhook/app/src/main/java/com
/forbidad4tieba/hook/feature/ad/FeedAdHook.kt:16:31 Conflicting import: importe
d name 'XC_MethodHook' is ambiguous.
e: file:///D:/tool/jadx-gui-1.5.5-with-jre-win/app/tbhook/app/src/main/java/com
/forbidad4tieba/hook/feature/ad/FeedAdHook.kt:17:31 Conflicting import: importe
d name 'XposedBridge' is ambiguous.
e: file:///D:/tool/jadx-gui-1.5.5-with-jre-win/app/tbhook/app/src/main/java/com
/forbidad4tieba/hook/feature/ad/FeedAdHook.kt:18:31 Conflicting import: importe
d name 'XposedHelpers' is ambiguous.

FAILURE: Build failed with an exception.

* What went wrong:
Execution failed for task ':app:compileDebugKotlin'.
> A failure occurred while executing org.jetbrains.kotlin.compilerRunner.Gradle
CompilerRunnerWithWorkers$GradleKotlinCompilerWorkAction
   > Compilation error. See log for more details

* Try:
> Run with --stacktrace option to get the stack trace.
> Run with --info or --debug option to get more log output.
> Run with --scan to get full insights from a Build Scan (powered by Develocity
).
> Get more help at https://help.gradle.org.

BUILD FAILED in 1s
7 actionable tasks: 1 executed, 6 up-to-date
